2026-09-28T01:22:41.824Z SAMPLER_START gap_threshold=0.5s tick=5.0s
2026-09-28T01:22:42.064Z GATE loc_status: None -> 0
2026-09-28T01:22:43.539Z GAP_START battery gap=1.000s
2026-09-28T01:22:44.539Z GAP_START battery gap=1.000s
2026-09-28T01:22:45.545Z GAP_START battery gap=1.006s
2026-09-28T01:22:46.539Z GAP_START battery gap=0.994s
2026-09-28T01:22:46.854Z GAP_END battery age=0.315s
2026-09-28T01:22:47.539Z GAP_START battery gap=1.000s
2026-09-28T01:22:48.540Z GAP_START battery gap=1.001s
2026-09-28T01:22:49.541Z GAP_START battery gap=1.001s
2026-09-28T01:22:50.539Z GAP_START battery gap=0.998s
2026-09-28T01:22:51.540Z GAP_START battery gap=1.000s
2026-09-28T01:22:51.856Z GAP_END battery age=0.317s
2026-09-28T01:22:52.541Z GAP_START battery gap=1.001s
2026-09-28T01:22:53.539Z GAP_START battery gap=0.998s
2026-09-28T01:22:54.540Z GAP_START battery gap=1.000s
2026-09-28T09:00:49.350Z GAP_START odom gap=0.647s (threshold=0.5s)
2026-09-28T09:00:49.350Z GAP_START scan gap=0.673s (threshold=0.5s)
2026-09-28T09:00:50.640Z GAP_START odom gap=0.888s (threshold=0.5s)
2026-09-28T09:00:50.643Z GAP_START scan gap=0.966s (threshold=0.5s)
2026-09-28T09:00:53.554Z GAP_END odom age=0.000s
2026-09-28T09:00:53.554Z GAP_END scan age=0.079s
2026-09-28T09:15:55.651Z GATE loc_status: 0 -> 1
2026-09-28T09:15:56.215Z GATE phase2c: 'READY' -> 'DEGRADED'
2026-09-28T09:15:56.571Z GATE loc_status: 1 -> 0
2026-09-28T09:15:57.209Z GATE phase2c: 'DEGRADED' -> 'READY'
2026-09-28T09:16:18.366Z GAP_START odom gap=1.250s (threshold=0.5s)
2026-09-28T09:16:18.376Z GAP_START scan gap=1.285s (threshold=0.5s)
2026-09-28T09:16:22.153Z GAP_END odom age=0.000s
2026-09-28T09:16:22.153Z GAP_END scan age=0.063s
