2026-09-28T01:22:41.824Z SAMPLER_START gap_threshold=0.5s tick=5.0s
2026-09-28T01:22:42.064Z GATE loc_status: None -> 0
2026-09-28T01:22:43.539Z GAP_START battery gap=1.000s
2026-09-28T01:22:44.539Z GAP_START battery gap=1.000s
2026-09-28T01:22:45.545Z GAP_START battery gap=1.006s
2026-09-28T01:22:46.539Z GAP_START battery gap=0.994s
2026-09-28T01:22:46.854Z GAP_END battery age=0.315s
2026-09-28T01:22:47.539Z GAP_START battery gap=1.000s
2026-09-28T01:22:48.540Z GAP_START battery gap=1.001s
2026-09-28T01:22:49.541Z GAP_START battery gap=1.001s
2026-09-28T01:22:50.539Z GAP_START battery gap=0.998s
2026-09-28T01:22:51.540Z GAP_START battery gap=1.000s
2026-09-28T01:22:51.856Z GAP_END battery age=0.317s
2026-09-28T01:22:52.541Z GAP_START battery gap=1.001s
2026-09-28T01:22:53.539Z GAP_START battery gap=0.998s
2026-09-28T01:22:54.540Z GAP_START battery gap=1.000s
2026-09-28T01:22:55.540Z GAP_START battery gap=1.000s
2026-09-28T01:22:56.539Z GAP_START battery gap=1.000s
2026-09-28T01:22:56.891Z GAP_END battery age=0.351s
2026-09-28T01:22:57.539Z GAP_START battery gap=1.000s
2026-09-28T01:22:58.539Z GAP_START battery gap=1.000s
2026-09-28T01:22:59.540Z GAP_START battery gap=1.001s
2026-09-28T01:23:00.539Z GAP_START battery gap=0.999s
2026-09-28T01:23:01.540Z GAP_START battery gap=1.001s
2026-09-28T01:23:01.903Z GAP_END battery age=0.363s
2026-09-28T01:23:02.539Z GAP_START battery gap=1.000s
2026-09-28T01:23:03.540Z GAP_START battery gap=1.001s
2026-09-28T01:23:04.540Z GAP_START battery gap=1.000s
2026-09-28T01:23:05.539Z GAP_START battery gap=0.999s
2026-09-28T01:23:06.539Z GAP_START battery gap=1.000s
2026-09-28T01:23:06.905Z GAP_END battery age=0.365s
2026-09-28T01:23:07.539Z GAP_START battery gap=1.000s
2026-09-28T01:23:08.540Z GAP_START battery gap=1.000s
2026-09-28T01:23:09.539Z GAP_START battery gap=1.000s
2026-09-28T01:23:10.541Z GAP_START battery gap=1.002s
2026-09-28T01:23:11.539Z GAP_START battery gap=0.998s
2026-09-28T01:23:11.910Z GAP_END battery age=0.370s
2026-09-28T01:23:12.539Z GAP_START battery gap=1.000s
2026-09-28T01:23:13.540Z GAP_START battery gap=1.000s
2026-09-28T01:23:14.553Z GAP_START battery gap=1.013s
2026-09-28T01:23:15.540Z GAP_START battery gap=0.988s
2026-09-28T01:23:16.540Z GAP_START battery gap=1.000s
2026-09-28T01:23:16.951Z GAP_END battery age=0.411s
2026-09-28T01:23:17.540Z GAP_START battery gap=1.000s
2026-09-28T01:23:18.540Z GAP_START battery gap=1.000s
2026-09-28T01:23:19.540Z GAP_START battery gap=1.000s
2026-09-28T01:23:20.540Z GAP_START battery gap=0.999s
2026-09-28T01:23:21.540Z GAP_START battery gap=1.001s
2026-09-28T01:23:21.952Z GAP_END battery age=0.412s
2026-09-28T01:23:22.540Z GAP_START battery gap=1.000s
2026-09-28T01:23:23.540Z GAP_START battery gap=1.000s
2026-09-28T01:23:24.540Z GAP_START battery gap=1.000s
2026-09-28T01:23:25.541Z GAP_START battery gap=1.000s
2026-09-28T01:23:26.541Z GAP_START battery gap=1.000s
2026-09-28T01:23:26.969Z GAP_END battery age=0.428s
2026-09-28T01:23:27.540Z GAP_START battery gap=0.999s
2026-09-28T01:23:28.540Z GAP_START battery gap=1.000s
2026-09-28T01:23:29.540Z GAP_START battery gap=1.000s
2026-09-28T01:23:30.540Z GAP_START battery gap=1.000s
2026-09-28T01:23:31.540Z GAP_START battery gap=1.000s
2026-09-28T01:23:32.003Z GAP_END battery age=0.463s
2026-09-28T01:23:32.542Z GAP_START battery gap=1.002s
2026-09-28T01:23:33.542Z GAP_START battery gap=1.001s
2026-09-28T01:23:34.540Z GAP_START battery gap=0.998s
2026-09-28T01:23:35.540Z GAP_START battery gap=1.000s
2026-09-28T01:23:36.542Z GAP_START battery gap=1.001s
2026-09-28T01:23:37.004Z GAP_END battery age=0.462s
2026-09-28T01:23:37.541Z GAP_START battery gap=0.999s
2026-09-28T01:23:38.541Z GAP_START battery gap=1.000s
2026-09-28T01:23:39.540Z GAP_START battery gap=0.999s
2026-09-28T01:23:40.540Z GAP_START battery gap=1.000s
2026-09-28T01:23:41.540Z GAP_START battery gap=1.000s
2026-09-28T01:23:42.541Z GAP_START battery gap=1.001s
2026-09-28T01:23:43.541Z GAP_START battery gap=1.000s
2026-09-28T01:23:44.541Z GAP_START battery gap=1.000s
2026-09-28T01:23:45.542Z GAP_START battery gap=1.001s
2026-09-28T01:23:46.540Z GAP_START battery gap=0.998s
2026-09-28T01:23:47.542Z GAP_START battery gap=1.002s
2026-09-28T01:23:48.542Z GAP_START battery gap=0.999s
2026-09-28T01:23:49.541Z GAP_START battery gap=1.000s
2026-09-28T01:23:50.542Z GAP_START battery gap=1.000s
2026-09-28T01:23:51.542Z GAP_START battery gap=1.000s
2026-09-28T01:23:52.541Z GAP_START battery gap=0.999s
2026-09-28T01:23:53.544Z GAP_START battery gap=1.003s
2026-09-28T01:23:54.543Z GAP_START battery gap=0.999s
2026-09-28T01:23:55.541Z GAP_START battery gap=0.998s
2026-09-28T01:23:56.541Z GAP_START battery gap=1.001s
2026-09-28T01:23:57.541Z GAP_START battery gap=0.999s
2026-09-28T01:23:58.541Z GAP_START battery gap=1.001s
2026-09-28T01:23:59.541Z GAP_START battery gap=0.999s
2026-09-28T01:24:00.542Z GAP_START battery gap=1.001s
2026-09-28T01:24:01.541Z GAP_START battery gap=0.999s
2026-09-28T01:24:02.542Z GAP_START battery gap=1.001s
2026-09-28T01:24:03.542Z GAP_START battery gap=1.000s
2026-09-28T01:24:04.541Z GAP_START battery gap=1.000s
2026-09-28T01:24:05.541Z GAP_START battery gap=0.999s
2026-09-28T01:24:06.541Z GAP_START battery gap=1.000s
2026-09-28T01:24:07.542Z GAP_START battery gap=1.001s
2026-09-28T01:24:08.541Z GAP_START battery gap=1.000s
2026-09-28T01:24:09.541Z GAP_START battery gap=0.999s
2026-09-28T01:24:10.541Z GAP_START battery gap=1.001s
2026-09-28T01:24:11.541Z GAP_START battery gap=0.999s
2026-09-28T01:24:12.541Z GAP_START battery gap=1.000s
2026-09-28T01:24:13.541Z GAP_START battery gap=1.000s
2026-09-28T01:24:14.542Z GAP_START battery gap=1.001s
2026-09-28T01:24:15.541Z GAP_START battery gap=1.000s
2026-09-28T01:24:16.541Z GAP_START battery gap=1.000s
2026-09-28T01:24:17.543Z GAP_START battery gap=1.001s
2026-09-28T01:24:18.542Z GAP_START battery gap=0.999s
2026-09-28T01:24:19.543Z GAP_START battery gap=1.001s
2026-09-28T01:24:20.541Z GAP_START battery gap=0.998s
2026-09-28T01:24:21.544Z GAP_START battery gap=1.003s
2026-09-28T01:24:22.542Z GAP_START battery gap=0.998s
2026-09-28T01:24:23.542Z GAP_START battery gap=0.999s
2026-09-28T01:24:24.541Z GAP_START battery gap=1.000s
2026-09-28T01:24:25.542Z GAP_START battery gap=1.001s
2026-09-28T01:24:26.542Z GAP_START battery gap=1.000s
2026-09-28T01:24:27.541Z GAP_START battery gap=1.000s
2026-09-28T01:24:28.542Z GAP_START battery gap=1.001s
2026-09-28T01:24:29.543Z GAP_START battery gap=1.001s
2026-09-28T01:24:30.542Z GAP_START battery gap=0.999s
2026-09-28T01:24:31.541Z GAP_START battery gap=1.000s
2026-09-28T01:24:32.541Z GAP_START battery gap=1.000s
2026-09-28T01:24:33.542Z GAP_START battery gap=1.001s
2026-09-28T01:24:34.542Z GAP_START battery gap=1.000s
2026-09-28T01:24:35.541Z GAP_START battery gap=0.999s
2026-09-28T01:24:36.542Z GAP_START battery gap=1.001s
2026-09-28T01:24:37.542Z GAP_START battery gap=1.000s
2026-09-28T01:24:38.542Z GAP_START battery gap=1.000s
2026-09-28T01:24:39.542Z GAP_START battery gap=1.000s
2026-09-28T01:24:40.543Z GAP_START battery gap=1.001s
2026-09-28T01:24:41.542Z GAP_START battery gap=0.999s
2026-09-28T01:24:42.542Z GAP_START battery gap=1.000s
2026-09-28T01:24:43.542Z GAP_START battery gap=1.000s
2026-09-28T01:24:44.543Z GAP_START battery gap=1.002s
2026-09-28T01:24:45.542Z GAP_START battery gap=0.999s
2026-09-28T01:24:46.542Z GAP_START battery gap=1.000s
2026-09-28T01:24:47.542Z GAP_START battery gap=1.000s
2026-09-28T01:24:48.542Z GAP_START battery gap=1.000s
2026-09-28T01:24:49.542Z GAP_START battery gap=1.000s
2026-09-28T01:24:50.542Z GAP_START battery gap=1.000s
2026-09-28T01:24:51.543Z GAP_START battery gap=1.001s
2026-09-28T01:24:52.543Z GAP_START battery gap=1.000s
2026-09-28T01:24:53.543Z GAP_START battery gap=1.000s
2026-09-28T01:24:54.542Z GAP_START battery gap=0.999s
2026-09-28T01:24:55.543Z GAP_START battery gap=1.001s
2026-09-28T01:24:56.542Z GAP_START battery gap=0.999s
2026-09-28T01:24:57.543Z GAP_START battery gap=1.000s
2026-09-28T01:24:58.543Z GAP_START battery gap=1.000s
2026-09-28T01:24:59.543Z GAP_START battery gap=1.000s
2026-09-28T01:25:00.542Z GAP_START battery gap=0.999s
2026-09-28T01:25:01.455Z SAMPLER_STOP clean exit
