{
  "gt_pose": [
    0.195866333846636,
    -0.5223259373520283,
    -2.769543001268657
  ],
  "gt_src": "tf",
  "n_db": 12,
  "live_query": {
    "decision": "UNKNOWN",
    "reason": "no_survivor",
    "false_accept": false,
    "best": null,
    "visual_topk": [
      {
        "id": "kf_000003",
        "visual_rank": 1,
        "visual_score": 0.138,
        "matches": 138,
        "seed": [
          1.7868235185421555,
          -0.27796481716692756,
          -3.0345434895718673
        ],
        "refined": [
          0.5868235185421555,
          -0.3779648171669277,
          -2.598211176573286
        ],
        "laser_ok": false,
        "laser_reason": "laser_score_gate",
        "laser_score": 0.3407480482755649,
        "margin_internal": 0.0,
        "dx": -1.2,
        "dy": -0.10000000000000014,
        "dyaw": 0.43633231299858144,
        "valid_beams": 167,
        "matched_ratio": 0.5029940119760479,
        "mean_dist": 0.3225604278331031,
        "p90_dist": 0.6854232668876649,
        "runtime": 2.5547897239999884,
        "pos_err_to_gt": 0.4167585071550953,
        "yaw_err_to_gt": 0.171331824695371
      },
      {
        "id": "kf_000007",
        "visual_rank": 2,
        "visual_score": 0.138,
        "matches": 138,
        "seed": [
          1.7868235185421555,
          -0.27796481716692756,
          -3.0345434895718673
        ],
        "refined": [
          0.5868235185421555,
          -0.3779648171669277,
          -2.598211176573286
        ],
        "laser_ok": false,
        "laser_reason": "laser_score_gate",
        "laser_score": 0.3407480482755649,
        "margin_internal": 0.0,
        "dx": -1.2,
        "dy": -0.10000000000000014,
        "dyaw": 0.43633231299858144,
        "valid_beams": 167,
        "matched_ratio": 0.5029940119760479,
        "mean_dist": 0.3225604278331031,
        "p90_dist": 0.6854232668876649,
        "runtime": 2.4165257039999233,
        "pos_err_to_gt": 0.4167585071550953,
        "yaw_err_to_gt": 0.171331824695371
      },
      {
        "id": "kf_000009",
        "visual_rank": 3,
        "visual_score": 0.136,
        "matches": 136,
        "seed": [
          1.7868235185421555,
          -0.27796481716692756,
          -3.0345434895718673
        ],
        "refined": [
          0.5868235185421555,
          -0.3779648171669277,
          -2.598211176573286
        ],
        "laser_ok": false,
        "laser_reason": "laser_score_gate",
        "laser_score": 0.3407480482755649,
        "margin_internal": 0.0,
        "dx": -1.2,
        "dy": -0.10000000000000014,
        "dyaw": 0.43633231299858144,
        "valid_beams": 167,
        "matched_ratio": 0.5029940119760479,
        "mean_dist": 0.3225604278331031,
        "p90_dist": 0.6854232668876649,
        "runtime": 2.436473918000047,
        "pos_err_to_gt": 0.4167585071550953,
        "yaw_err_to_gt": 0.171331824695371
      },
      {
        "id": "kf_000006",
        "visual_rank": 4,
        "visual_score": 0.135,
        "matches": 135,
        "seed": [
          1.7868235185421555,
          -0.27796481716692756,
          -3.0345434895718673
        ],
        "refined": [
          0.5868235185421555,
          -0.3779648171669277,
          -2.598211176573286
        ],
        "laser_ok": false,
        "laser_reason": "laser_score_gate",
        "laser_score": 0.3407480482755649,
        "margin_internal": 0.0,
        "dx": -1.2,
        "dy": -0.10000000000000014,
        "dyaw": 0.43633231299858144,
        "valid_beams": 167,
        "matched_ratio": 0.5029940119760479,
        "mean_dist": 0.3225604278331031,
        "p90_dist": 0.6854232668876649,
        "runtime": 2.4224025710000205,
        "pos_err_to_gt": 0.4167585071550953,
        "yaw_err_to_gt": 0.171331824695371
      },
      {
        "id": "kf_000002",
        "visual_rank": 5,
        "visual_score": 0.133,
        "matches": 133,
        "seed": [
          1.7868235185421555,
          -0.27796481716692756,
          -3.0345434895718673
        ],
        "refined": [
          0.5868235185421555,
          -0.3779648171669277,
          -2.598211176573286
        ],
        "laser_ok": false,
        "laser_reason": "laser_score_gate",
        "laser_score": 0.3407480482755649,
        "margin_internal": 0.0,
        "dx": -1.2,
        "dy": -0.10000000000000014,
        "dyaw": 0.43633231299858144,
        "valid_beams": 167,
        "matched_ratio": 0.5029940119760479,
        "mean_dist": 0.3225604278331031,
        "p90_dist": 0.6854232668876649,
        "runtime": 2.429675373000009,
        "pos_err_to_gt": 0.4167585071550953,
        "yaw_err_to_gt": 0.171331824695371
      },
      {
        "id": "kf_000005",
        "visual_rank": 6,
        "visual_score": 0.133,
        "matches": 133,
        "seed": [
          1.7868235185421555,
          -0.27796481716692756,
          -3.0345434895718673
        ],
        "refined": [
          0.5868235185421555,
          -0.3779648171669277,
          -2.598211176573286
        ],
        "laser_ok": false,
        "laser_reason": "laser_score_gate",
        "laser_score": 0.3407480482755649,
        "margin_internal": 0.0,
        "dx": -1.2,
        "dy": -0.10000000000000014,
        "dyaw": 0.43633231299858144,
        "valid_beams": 167,
        "matched_ratio": 0.5029940119760479,
        "mean_dist": 0.3225604278331031,
        "p90_dist": 0.6854232668876649,
        "runtime": 2.459708090000049,
        "pos_err_to_gt": 0.4167585071550953,
        "yaw_err_to_gt": 0.171331824695371
      },
      {
        "id": "kf_000012",
        "visual_rank": 7,
        "visual_score": 0.133,
        "matches": 133,
        "seed": [
          1.7868235185421555,
          -0.27796481716692756,
          -3.0345434895718673
        ],
        "refined": [
          0.5868235185421555,
          -0.3779648171669277,
          -2.598211176573286
        ],
        "laser_ok": false,
        "laser_reason": "laser_score_gate",
        "laser_score": 0.3407480482755649,
        "margin_internal": 0.0,
        "dx": -1.2,
        "dy": -0.10000000000000014,
        "dyaw": 0.43633231299858144,
        "valid_beams": 167,
        "matched_ratio": 0.5029940119760479,
        "mean_dist": 0.3225604278331031,
        "p90_dist": 0.6854232668876649,
        "runtime": 2.4280618520000417,
        "pos_err_to_gt": 0.4167585071550953,
        "yaw_err_to_gt": 0.171331824695371
      },
      {
        "id": "kf_000004",
        "visual_rank": 8,
        "visual_score": 0.132,
        "matches": 132,
        "seed": [
          1.7868235185421555,
          -0.27796481716692756,
          -3.0345434895718673
        ],
        "refined": [
          0.5868235185421555,
          -0.3779648171669277,
          -2.598211176573286
        ],
        "laser_ok": false,
        "laser_reason": "laser_score_gate",
        "laser_score": 0.3407480482755649,
        "margin_internal": 0.0,
        "dx": -1.2,
        "dy": -0.10000000000000014,
        "dyaw": 0.43633231299858144,
        "valid_beams": 167,
        "matched_ratio": 0.5029940119760479,
        "mean_dist": 0.3225604278331031,
        "p90_dist": 0.6854232668876649,
        "runtime": 2.4263211630000114,
        "pos_err_to_gt": 0.4167585071550953,
        "yaw_err_to_gt": 0.171331824695371
      }
    ],
    "apply_initial_pose": false
  },
  "hard_negative_wrong_seed": {
    "seed": [
      3.195866333846636,
      2.4776740626479716,
      -2.769543001268657
    ],
    "laser_ok": false,
    "laser_score": 0.15230729802280848,
    "reason": "laser_score_gate",
    "rejected_or_far": true
  },
  "hard_negative_shift_seed": {
    "seed": [
      1.695866333846636,
      -0.5223259373520283,
      -2.769543001268657
    ],
    "laser_ok": false,
    "laser_score": 0.45966000686022584,
    "reason": "ambiguous_margin",
    "refined": [
      0.495866333846636,
      -0.4723259373520286,
      -2.664823246148998
    ],
    "pos_err_to_gt": 0.3041381265149109
  },
  "note": "Single-region DB; multi-region operator capture still required for formal gate."
}
loo_summary [{'q': 'kf_000001', 'v1': 'kf_000008', 'l1': None, 'n': 0}, {'q': 'kf_000002', 'v1': 'kf_000009', 'l1': None, 'n': 0}, {'q': 'kf_000003', 'v1': 'kf_000006', 'l1': None, 'n': 0}, {'q': 'kf_000004', 'v1': 'kf_000003', 'l1': None, 'n': 0}, {'q': 'kf_000005', 'v1': 'kf_000003', 'l1': None, 'n': 0}, {'q': 'kf_000006', 'v1': 'kf_000003', 'l1': None, 'n': 0}, {'q': 'kf_000007', 'v1': 'kf_000012', 'l1': None, 'n': 0}, {'q': 'kf_000008', 'v1': 'kf_000001', 'l1': None, 'n': 0}, {'q': 'kf_000009', 'v1': 'kf_000007', 'l1': None, 'n': 0}, {'q': 'kf_000010', 'v1': 'kf_000012', 'l1': None, 'n': 0}]
